// Jest Snapshot v1, https://goo.gl/fbAQLP

exports[`RSVP block types CREATE_RSVP 1`] = `"@@MT/TICKETS/CREATE_RSVP"`;

exports[`RSVP block types DELETE_RSVP 1`] = `"@@MT/TICKETS/DELETE_RSVP"`;

exports[`RSVP block types DELETE_RSVP_HEADER_IMAGE 1`] = `"@@MT/TICKETS/DELETE_RSVP_HEADER_IMAGE"`;

exports[`RSVP block types FETCH_RSVP_HEADER_IMAGE 1`] = `"@@MT/TICKETS/FETCH_RSVP_HEADER_IMAGE"`;

exports[`RSVP block types HANDLE_RSVP_END_DATE 1`] = `"@@MT/TICKETS/HANDLE_RSVP_END_DATE"`;

exports[`RSVP block types HANDLE_RSVP_END_TIME 1`] = `"@@MT/TICKETS/HANDLE_RSVP_END_TIME"`;

exports[`RSVP block types HANDLE_RSVP_START_DATE 1`] = `"@@MT/TICKETS/HANDLE_RSVP_START_DATE"`;

exports[`RSVP block types HANDLE_RSVP_START_TIME 1`] = `"@@MT/TICKETS/HANDLE_RSVP_START_TIME"`;

exports[`RSVP block types INITIALIZE_RSVP 1`] = `"@@MT/TICKETS/INITIALIZE_RSVP"`;

exports[`RSVP block types SET_RSVP_CAPACITY 1`] = `"@@MT/TICKETS/SET_RSVP_CAPACITY"`;

exports[`RSVP block types SET_RSVP_DESCRIPTION 1`] = `"@@MT/TICKETS/SET_RSVP_DESCRIPTION"`;

exports[`RSVP block types SET_RSVP_DETAILS 1`] = `"@@MT/TICKETS/SET_RSVP_DETAILS"`;

exports[`RSVP block types SET_RSVP_END_DATE 1`] = `"@@MT/TICKETS/SET_RSVP_END_DATE"`;

exports[`RSVP block types SET_RSVP_END_DATE_INPUT 1`] = `"@@MT/TICKETS/SET_RSVP_END_DATE_INPUT"`;

exports[`RSVP block types SET_RSVP_END_DATE_MOMENT 1`] = `"@@MT/TICKETS/SET_RSVP_END_DATE_MOMENT"`;

exports[`RSVP block types SET_RSVP_END_TIME 1`] = `"@@MT/TICKETS/SET_RSVP_END_TIME"`;

exports[`RSVP block types SET_RSVP_END_TIME_INPUT 1`] = `"@@MT/TICKETS/SET_RSVP_END_TIME_INPUT"`;

exports[`RSVP block types SET_RSVP_GOING_COUNT 1`] = `"@@MT/TICKETS/SET_RSVP_GOING_COUNT"`;

exports[`RSVP block types SET_RSVP_HAS_ATTENDEE_INFO_FIELDS 1`] = `"@@MT/TICKETS/SET_RSVP_HAS_ATTENDEE_INFO_FIELDS"`;

exports[`RSVP block types SET_RSVP_HAS_CHANGES 1`] = `"@@MT/TICKETS/SET_RSVP_HAS_CHANGES"`;

exports[`RSVP block types SET_RSVP_HAS_DURATION_ERROR 1`] = `"@@MT/TICKETS/SET_RSVP_HAS_DURATION_ERROR"`;

exports[`RSVP block types SET_RSVP_HEADER_IMAGE 1`] = `"@@MT/TICKETS/SET_RSVP_HEADER_IMAGE"`;

exports[`RSVP block types SET_RSVP_ID 1`] = `"@@MT/TICKETS/SET_RSVP_ID"`;

exports[`RSVP block types SET_RSVP_IS_LOADING 1`] = `"@@MT/TICKETS/SET_RSVP_IS_LOADING"`;

exports[`RSVP block types SET_RSVP_IS_MODAL_OPEN 1`] = `"@@MT/TICKETS/SET_RSVP_IS_MODAL_OPEN"`;

exports[`RSVP block types SET_RSVP_IS_SETTINGS_LOADING 1`] = `"@@MT/TICKETS/SET_RSVP_IS_SETTINGS_LOADING"`;

exports[`RSVP block types SET_RSVP_NOT_GOING_COUNT 1`] = `"@@MT/TICKETS/SET_RSVP_NOT_GOING_COUNT"`;

exports[`RSVP block types SET_RSVP_NOT_GOING_RESPONSES 1`] = `"@@MT/TICKETS/SET_RSVP_NOT_GOING_RESPONSES"`;

exports[`RSVP block types SET_RSVP_SETTINGS_OPEN 1`] = `"@@MT/TICKETS/SET_RSVP_SETTINGS_OPEN"`;

exports[`RSVP block types SET_RSVP_START_DATE 1`] = `"@@MT/TICKETS/SET_RSVP_START_DATE"`;

exports[`RSVP block types SET_RSVP_START_DATE_INPUT 1`] = `"@@MT/TICKETS/SET_RSVP_START_DATE_INPUT"`;

exports[`RSVP block types SET_RSVP_START_DATE_MOMENT 1`] = `"@@MT/TICKETS/SET_RSVP_START_DATE_MOMENT"`;

exports[`RSVP block types SET_RSVP_START_TIME 1`] = `"@@MT/TICKETS/SET_RSVP_START_TIME"`;

exports[`RSVP block types SET_RSVP_START_TIME_INPUT 1`] = `"@@MT/TICKETS/SET_RSVP_START_TIME_INPUT"`;

exports[`RSVP block types SET_RSVP_TEMP_CAPACITY 1`] = `"@@MT/TICKETS/SET_RSVP_TEMP_CAPACITY"`;

exports[`RSVP block types SET_RSVP_TEMP_DESCRIPTION 1`] = `"@@MT/TICKETS/SET_RSVP_TEMP_DESCRIPTION"`;

exports[`RSVP block types SET_RSVP_TEMP_DETAILS 1`] = `"@@MT/TICKETS/SET_RSVP_TEMP_DETAILS"`;

exports[`RSVP block types SET_RSVP_TEMP_END_DATE 1`] = `"@@MT/TICKETS/SET_RSVP_TEMP_END_DATE"`;

exports[`RSVP block types SET_RSVP_TEMP_END_DATE_INPUT 1`] = `"@@MT/TICKETS/SET_RSVP_TEMP_END_DATE_INPUT"`;

exports[`RSVP block types SET_RSVP_TEMP_END_DATE_MOMENT 1`] = `"@@MT/TICKETS/SET_RSVP_TEMP_END_DATE_MOMENT"`;

exports[`RSVP block types SET_RSVP_TEMP_END_TIME 1`] = `"@@MT/TICKETS/SET_RSVP_TEMP_END_TIME"`;

exports[`RSVP block types SET_RSVP_TEMP_END_TIME_INPUT 1`] = `"@@MT/TICKETS/SET_RSVP_TEMP_END_TIME_INPUT"`;

exports[`RSVP block types SET_RSVP_TEMP_NOT_GOING_RESPONSES 1`] = `"@@MT/TICKETS/SET_RSVP_TEMP_NOT_GOING_RESPONSES"`;

exports[`RSVP block types SET_RSVP_TEMP_START_DATE 1`] = `"@@MT/TICKETS/SET_RSVP_TEMP_START_DATE"`;

exports[`RSVP block types SET_RSVP_TEMP_START_DATE_INPUT 1`] = `"@@MT/TICKETS/SET_RSVP_TEMP_START_DATE_INPUT"`;

exports[`RSVP block types SET_RSVP_TEMP_START_DATE_MOMENT 1`] = `"@@MT/TICKETS/SET_RSVP_TEMP_START_DATE_MOMENT"`;

exports[`RSVP block types SET_RSVP_TEMP_START_TIME 1`] = `"@@MT/TICKETS/SET_RSVP_TEMP_START_TIME"`;

exports[`RSVP block types SET_RSVP_TEMP_START_TIME_INPUT 1`] = `"@@MT/TICKETS/SET_RSVP_TEMP_START_TIME_INPUT"`;

exports[`RSVP block types SET_RSVP_TEMP_TITLE 1`] = `"@@MT/TICKETS/SET_RSVP_TEMP_TITLE"`;

exports[`RSVP block types SET_RSVP_TITLE 1`] = `"@@MT/TICKETS/SET_RSVP_TITLE"`;

exports[`RSVP block types UPDATE_RSVP_HEADER_IMAGE 1`] = `"@@MT/TICKETS/UPDATE_RSVP_HEADER_IMAGE"`;
