// Jest Snapshot v1, https://goo.gl/fbAQLP

exports[`[STORE] - Attendees actions Should set initial state 1`] = `
{
  "payload": {},
  "type": "@@MT/TICKETS/SET_ATTENDEES_INITIAL_STATE",
}
`;

exports[`[STORE] - Attendees actions Should set the attendees Display Subtitle 1`] = `
{
  "payload": {
    "displaySubtitle": true,
  },
  "type": "@@MT/TICKETS/SET_ATTENDEES_DISPLAY_SUBTITLE",
}
`;

exports[`[STORE] - Attendees actions Should set the attendees Display Title 1`] = `
{
  "payload": {
    "displayTitle": true,
  },
  "type": "@@MT/TICKETS/SET_ATTENDEES_DISPLAY_TITLE",
}
`;

exports[`[STORE] - Attendees actions Should set the attendees Title 1`] = `
{
  "payload": {
    "title": "Who's coming?",
  },
  "type": "@@MT/TICKETS/SET_ATTENDEES_TITLE",
}
`;
