// Jest Snapshot v1, https://goo.gl/fbAQLP

exports[`Move Actons hideModal 1`] = `
{
  "type": "@@MT/TICKETS/HIDE_MODAL",
}
`;

exports[`Move Actons setModalData 1`] = `
{
  "payload": {},
  "type": "@@MT/TICKETS/SET_MODAL_DATA",
}
`;

exports[`Move Actons showModal 1`] = `
{
  "payload": {
    "clientId": 1,
    "ticketId": {},
  },
  "type": "@@MT/TICKETS/SHOW_MODAL",
}
`;
