// Jest Snapshot v1, https://goo.gl/fbAQLP

exports[`RSVPRsvpWindow should render RSVP Window section 1`] = `
<div
  className="tribe-editor__rsvp-window"
>
  <span
    className="tribe-editor__rsvp-window__title tribe-common-h6 tribe-common-h--alt"
  >
    RSVP Window
  </span>
  <div
    className="tribe-editor__rsvp-window__dates tribe-common-b2"
  >
    3/5/26 - 3/25/26
  </div>
</div>
`;
