// Jest Snapshot v1, https://goo.gl/fbAQLP

exports[`Price Render the component with no errors 1`] = `
<div
  className="tribe-editor__ticket__price tribe-editor__ticket__content-row tribe-editor__ticket__content-row--price"
>
  <div
    className="tribe-editor__labeled-item tribe-editor__ticket__price-label"
  >
    <label
      className="tribe-editor__labeled-item__label"
      htmlFor="ticket-price"
    >
      Ticket price
    </label>
  </div>
  <input
    className="tribe-editor__input tribe-editor__ticket__price-input"
    id="ticket-price"
    min="0"
    onChange={[MockFunction]}
    type="number"
  />
</div>
`;
