// Jest Snapshot v1, https://goo.gl/fbAQLP

exports[`Shared block sagas createWPEditorNotSavingChannel should create channel 1`] = `
{
  "close": [Function],
  "flush": [Function],
  "take": [Function],
}
`;

exports[`Shared block sagas createWPEditorSavingChannel should create channel 1`] = `
{
  "close": [Function],
  "flush": [Function],
  "take": [Function],
}
`;

exports[`Shared block sagas isTribeEventPostType should be event 1`] = `
{
  "@@redux-saga/IO": true,
  "CALL": {
    "args": [
      "type",
    ],
    "context": {
      "getEditedPostAttribute": [Function],
    },
    "fn": [Function],
  },
}
`;

exports[`Shared block sagas isTribeEventPostType should not be event 1`] = `
{
  "@@redux-saga/IO": true,
  "CALL": {
    "args": [
      "type",
    ],
    "context": {
      "getEditedPostAttribute": [Function],
    },
    "fn": [Function],
  },
}
`;
